Erreur /!\ Le fichier '.log' est mal définie ou mal positionné!
----Pensez à bien spécifiez le type '.log' et d'écrire le nom de fichier à la fin
Erreur /!\ Le fichier '.dot' est mal définie !
 ---------Pensez à bien spécifiez le type '.dot'