Erreur /!\ Un des modes n'est pas connu ou est mal dÃ©fini !