(1 hits) /notesif/saisie2007/api_notes/functions.js