(10 hits) /temps/4IF19.html
(5 hits) /temps/4IF18.html
(1 hits) /notesif/saisie2007/api_notes/functions.js
(1 hits) /temps/style_emploi_du_temps.css